AnimaMythP0rtr4itStyleV1.safetensors: 6.0%
AnimaMythP0rtr4itStyleV1.safetensors: 12.1%
AnimaMythP0rtr4itStyleV1.safetensors: 18.1%
AnimaMythP0rtr4itStyleV1.safetensors: 24.2%
AnimaMythP0rtr4itStyleV1.safetensors: 30.2%
AnimaMythP0rtr4itStyleV1.safetensors: 36.3%
AnimaMythP0rtr4itStyleV1.safetensors: 42.3%
AnimaMythP0rtr4itStyleV1.safetensors: 48.4%
AnimaMythP0rtr4itStyleV1.safetensors: 54.4%
AnimaMythP0rtr4itStyleV1.safetensors: 60.5%
AnimaMythP0rtr4itStyleV1.safetensors: 66.5%
AnimaMythP0rtr4itStyleV1.safetensors: 72.6%
AnimaMythP0rtr4itStyleV1.safetensors: 78.6%
AnimaMythP0rtr4itStyleV1.safetensors: 84.7%
AnimaMythP0rtr4itStyleV1.safetensors: 90.7%
AnimaMythP0rtr4itStyleV1.safetensors: 96.8%
AnimaMythP0rtr4itStyleV1.safetensors: 100.0%
downloaded and verified: AnimaMythP0rtr4itStyleV1.safetensors
BunnySlop_v404.safetensors: 6.0%
BunnySlop_v404.safetensors: 12.1%
BunnySlop_v404.safetensors: 18.1%
BunnySlop_v404.safetensors: 24.2%
BunnySlop_v404.safetensors: 30.2%
BunnySlop_v404.safetensors: 36.3%
BunnySlop_v404.safetensors: 42.3%
BunnySlop_v404.safetensors: 48.4%
BunnySlop_v404.safetensors: 54.4%
BunnySlop_v404.safetensors: 60.5%
BunnySlop_v404.safetensors: 66.5%
BunnySlop_v404.safetensors: 72.6%
BunnySlop_v404.safetensors: 78.6%
BunnySlop_v404.safetensors: 84.7%
BunnySlop_v404.safetensors: 90.7%
BunnySlop_v404.safetensors: 96.8%
BunnySlop_v404.safetensors: 100.0%
downloaded and verified: BunnySlop_v404.safetensors
hassakuXLIllustrious_v34.safetensors: 0.1%
hassakuXLIllustrious_v34.safetensors: 0.2%
hassakuXLIllustrious_v34.safetensors: 0.4%
hassakuXLIllustrious_v34.safetensors: 0.5%
hassakuXLIllustrious_v34.safetensors: 0.6%
hassakuXLIllustrious_v34.safetensors: 0.7%
hassakuXLIllustrious_v34.safetensors: 0.8%
hassakuXLIllustrious_v34.safetensors: 1.0%
hassakuXLIllustrious_v34.safetensors: 1.1%
hassakuXLIllustrious_v34.safetensors: 1.2%
hassakuXLIllustrious_v34.safetensors: 1.3%
hassakuXLIllustrious_v34.safetensors: 1.5%
hassakuXLIllustrious_v34.safetensors: 1.6%
hassakuXLIllustrious_v34.safetensors: 1.7%
hassakuXLIllustrious_v34.safetensors: 1.8%
hassakuXLIllustrious_v34.safetensors: 1.9%
hassakuXLIllustrious_v34.safetensors: 2.1%
hassakuXLIllustrious_v34.safetensors: 2.2%
hassakuXLIllustrious_v34.safetensors: 2.3%
hassakuXLIllustrious_v34.safetensors: 2.4%
hassakuXLIllustrious_v34.safetensors: 2.5%
hassakuXLIllustrious_v34.safetensors: 2.7%
hassakuXLIllustrious_v34.safetensors: 2.8%
hassakuXLIllustrious_v34.safetensors: 2.9%
hassakuXLIllustrious_v34.safetensors: 3.0%
hassakuXLIllustrious_v34.safetensors: 3.1%
hassakuXLIllustrious_v34.safetensors: 3.3%
hassakuXLIllustrious_v34.safetensors: 3.4%
hassakuXLIllustrious_v34.safetensors: 3.5%
hassakuXLIllustrious_v34.safetensors: 3.6%
hassakuXLIllustrious_v34.safetensors: 3.7%
hassakuXLIllustrious_v34.safetensors: 3.9%
hassakuXLIllustrious_v34.safetensors: 4.0%
hassakuXLIllustrious_v34.safetensors: 4.1%
hassakuXLIllustrious_v34.safetensors: 4.2%
hassakuXLIllustrious_v34.safetensors: 4.4%
hassakuXLIllustrious_v34.safetensors: 4.5%
hassakuXLIllustrious_v34.safetensors: 4.6%
hassakuXLIllustrious_v34.safetensors: 4.7%
hassakuXLIllustrious_v34.safetensors: 4.8%
hassakuXLIllustrious_v34.safetensors: 5.0%
hassakuXLIllustrious_v34.safetensors: 5.1%
hassakuXLIllustrious_v34.safetensors: 5.2%
hassakuXLIllustrious_v34.safetensors: 5.3%
hassakuXLIllustrious_v34.safetensors: 5.4%
hassakuXLIllustrious_v34.safetensors: 5.6%
hassakuXLIllustrious_v34.safetensors: 5.7%
hassakuXLIllustrious_v34.safetensors: 5.8%
hassakuXLIllustrious_v34.safetensors: 5.9%
hassakuXLIllustrious_v34.safetensors: 6.0%
hassakuXLIllustrious_v34.safetensors: 6.2%
hassakuXLIllustrious_v34.safetensors: 6.3%
hassakuXLIllustrious_v34.safetensors: 6.4%
hassakuXLIllustrious_v34.safetensors: 6.5%
hassakuXLIllustrious_v34.safetensors: 6.6%
hassakuXLIllustrious_v34.safetensors: 6.8%
hassakuXLIllustrious_v34.safetensors: 6.9%
hassakuXLIllustrious_v34.safetensors: 7.0%
hassakuXLIllustrious_v34.safetensors: 7.1%
hassakuXLIllustrious_v34.safetensors: 7.3%
hassakuXLIllustrious_v34.safetensors: 7.4%
hassakuXLIllustrious_v34.safetensors: 7.5%
hassakuXLIllustrious_v34.safetensors: 7.6%
hassakuXLIllustrious_v34.safetensors: 7.7%
hassakuXLIllustrious_v34.safetensors: 7.9%
hassakuXLIllustrious_v34.safetensors: 8.0%
hassakuXLIllustrious_v34.safetensors: 8.1%
hassakuXLIllustrious_v34.safetensors: 8.2%
hassakuXLIllustrious_v34.safetensors: 8.3%
hassakuXLIllustrious_v34.safetensors: 8.5%
hassakuXLIllustrious_v34.safetensors: 8.6%
hassakuXLIllustrious_v34.safetensors: 8.7%
hassakuXLIllustrious_v34.safetensors: 8.8%
hassakuXLIllustrious_v34.safetensors: 8.9%
hassakuXLIllustrious_v34.safetensors: 9.1%
hassakuXLIllustrious_v34.safetensors: 9.2%
hassakuXLIllustrious_v34.safetensors: 9.3%
hassakuXLIllustrious_v34.safetensors: 9.4%
hassakuXLIllustrious_v34.safetensors: 9.6%
hassakuXLIllustrious_v34.safetensors: 9.7%
hassakuXLIllustrious_v34.safetensors: 9.8%
hassakuXLIllustrious_v34.safetensors: 9.9%
hassakuXLIllustrious_v34.safetensors: 10.0%
hassakuXLIllustrious_v34.safetensors: 10.2%
hassakuXLIllustrious_v34.safetensors: 10.3%
hassakuXLIllustrious_v34.safetensors: 10.4%
hassakuXLIllustrious_v34.safetensors: 10.5%
hassakuXLIllustrious_v34.safetensors: 10.6%
hassakuXLIllustrious_v34.safetensors: 10.8%
hassakuXLIllustrious_v34.safetensors: 10.9%
hassakuXLIllustrious_v34.safetensors: 11.0%
hassakuXLIllustrious_v34.safetensors: 11.1%
hassakuXLIllustrious_v34.safetensors: 11.2%
hassakuXLIllustrious_v34.safetensors: 11.4%
hassakuXLIllustrious_v34.safetensors: 11.5%
hassakuXLIllustrious_v34.safetensors: 11.6%
hassakuXLIllustrious_v34.safetensors: 11.7%
hassakuXLIllustrious_v34.safetensors: 11.8%
hassakuXLIllustrious_v34.safetensors: 12.0%
hassakuXLIllustrious_v34.safetensors: 12.1%
hassakuXLIllustrious_v34.safetensors: 12.2%
hassakuXLIllustrious_v34.safetensors: 12.3%
hassakuXLIllustrious_v34.safetensors: 12.5%
hassakuXLIllustrious_v34.safetensors: 12.6%
hassakuXLIllustrious_v34.safetensors: 12.7%
hassakuXLIllustrious_v34.safetensors: 12.8%
hassakuXLIllustrious_v34.safetensors: 12.9%
hassakuXLIllustrious_v34.safetensors: 13.1%
hassakuXLIllustrious_v34.safetensors: 13.2%
hassakuXLIllustrious_v34.safetensors: 13.3%
hassakuXLIllustrious_v34.safetensors: 13.4%
hassakuXLIllustrious_v34.safetensors: 13.5%
hassakuXLIllustrious_v34.safetensors: 13.7%
hassakuXLIllustrious_v34.safetensors: 13.8%
hassakuXLIllustrious_v34.safetensors: 13.9%
hassakuXLIllustrious_v34.safetensors: 14.0%
hassakuXLIllustrious_v34.safetensors: 14.1%
hassakuXLIllustrious_v34.safetensors: 14.3%
hassakuXLIllustrious_v34.safetensors: 14.4%
hassakuXLIllustrious_v34.safetensors: 14.5%
hassakuXLIllustrious_v34.safetensors: 14.6%
hassakuXLIllustrious_v34.safetensors: 14.8%
hassakuXLIllustrious_v34.safetensors: 14.9%
hassakuXLIllustrious_v34.safetensors: 15.0%
hassakuXLIllustrious_v34.safetensors: 15.1%
hassakuXLIllustrious_v34.safetensors: 15.2%
hassakuXLIllustrious_v34.safetensors: 15.4%
hassakuXLIllustrious_v34.safetensors: 15.5%
hassakuXLIllustrious_v34.safetensors: 15.6%
hassakuXLIllustrious_v34.safetensors: 15.7%
hassakuXLIllustrious_v34.safetensors: 15.8%
hassakuXLIllustrious_v34.safetensors: 16.0%
hassakuXLIllustrious_v34.safetensors: 16.1%
hassakuXLIllustrious_v34.safetensors: 16.2%
hassakuXLIllustrious_v34.safetensors: 16.3%
hassakuXLIllustrious_v34.safetensors: 16.4%
hassakuXLIllustrious_v34.safetensors: 16.6%
hassakuXLIllustrious_v34.safetensors: 16.7%
hassakuXLIllustrious_v34.safetensors: 16.8%
hassakuXLIllustrious_v34.safetensors: 16.9%
hassakuXLIllustrious_v34.safetensors: 17.0%
hassakuXLIllustrious_v34.safetensors: 17.2%
hassakuXLIllustrious_v34.safetensors: 17.3%
hassakuXLIllustrious_v34.safetensors: 17.4%
hassakuXLIllustrious_v34.safetensors: 17.5%
hassakuXLIllustrious_v34.safetensors: 17.7%
hassakuXLIllustrious_v34.safetensors: 17.8%
hassakuXLIllustrious_v34.safetensors: 17.9%
hassakuXLIllustrious_v34.safetensors: 18.0%
hassakuXLIllustrious_v34.safetensors: 18.1%
hassakuXLIllustrious_v34.safetensors: 18.3%
hassakuXLIllustrious_v34.safetensors: 18.4%
hassakuXLIllustrious_v34.safetensors: 18.5%
hassakuXLIllustrious_v34.safetensors: 18.6%
hassakuXLIllustrious_v34.safetensors: 18.7%
hassakuXLIllustrious_v34.safetensors: 18.9%
hassakuXLIllustrious_v34.safetensors: 19.0%
hassakuXLIllustrious_v34.safetensors: 19.1%
hassakuXLIllustrious_v34.safetensors: 19.2%
hassakuXLIllustrious_v34.safetensors: 19.3%
hassakuXLIllustrious_v34.safetensors: 19.5%
hassakuXLIllustrious_v34.safetensors: 19.6%
hassakuXLIllustrious_v34.safetensors: 19.7%
hassakuXLIllustrious_v34.safetensors: 19.8%
hassakuXLIllustrious_v34.safetensors: 19.9%
hassakuXLIllustrious_v34.safetensors: 20.1%
hassakuXLIllustrious_v34.safetensors: 20.2%
hassakuXLIllustrious_v34.safetensors: 20.3%
hassakuXLIllustrious_v34.safetensors: 20.4%
hassakuXLIllustrious_v34.safetensors: 20.6%
hassakuXLIllustrious_v34.safetensors: 20.7%
hassakuXLIllustrious_v34.safetensors: 20.8%
hassakuXLIllustrious_v34.safetensors: 20.9%
hassakuXLIllustrious_v34.safetensors: 21.0%
hassakuXLIllustrious_v34.safetensors: 21.2%
hassakuXLIllustrious_v34.safetensors: 21.3%
hassakuXLIllustrious_v34.safetensors: 21.4%
hassakuXLIllustrious_v34.safetensors: 21.5%
hassakuXLIllustrious_v34.safetensors: 21.6%
hassakuXLIllustrious_v34.safetensors: 21.8%
hassakuXLIllustrious_v34.safetensors: 21.9%
hassakuXLIllustrious_v34.safetensors: 22.0%
hassakuXLIllustrious_v34.safetensors: 22.1%
hassakuXLIllustrious_v34.safetensors: 22.2%
hassakuXLIllustrious_v34.safetensors: 22.4%
hassakuXLIllustrious_v34.safetensors: 22.5%
hassakuXLIllustrious_v34.safetensors: 22.6%
hassakuXLIllustrious_v34.safetensors: 22.7%
hassakuXLIllustrious_v34.safetensors: 22.9%
hassakuXLIllustrious_v34.safetensors: 23.0%
hassakuXLIllustrious_v34.safetensors: 23.1%
hassakuXLIllustrious_v34.safetensors: 23.2%
hassakuXLIllustrious_v34.safetensors: 23.3%
hassakuXLIllustrious_v34.safetensors: 23.5%
hassakuXLIllustrious_v34.safetensors: 23.6%
hassakuXLIllustrious_v34.safetensors: 23.7%
hassakuXLIllustrious_v34.safetensors: 23.8%
hassakuXLIllustrious_v34.safetensors: 23.9%
hassakuXLIllustrious_v34.safetensors: 24.1%
hassakuXLIllustrious_v34.safetensors: 24.2%
hassakuXLIllustrious_v34.safetensors: 24.3%
hassakuXLIllustrious_v34.safetensors: 24.4%
hassakuXLIllustrious_v34.safetensors: 24.5%
hassakuXLIllustrious_v34.safetensors: 24.7%
hassakuXLIllustrious_v34.safetensors: 24.8%
hassakuXLIllustrious_v34.safetensors: 24.9%
hassakuXLIllustrious_v34.safetensors: 25.0%
hassakuXLIllustrious_v34.safetensors: 25.1%
hassakuXLIllustrious_v34.safetensors: 25.3%
hassakuXLIllustrious_v34.safetensors: 25.4%
hassakuXLIllustrious_v34.safetensors: 25.5%
hassakuXLIllustrious_v34.safetensors: 25.6%
hassakuXLIllustrious_v34.safetensors: 25.8%
hassakuXLIllustrious_v34.safetensors: 25.9%
hassakuXLIllustrious_v34.safetensors: 26.0%
hassakuXLIllustrious_v34.safetensors: 26.1%
hassakuXLIllustrious_v34.safetensors: 26.2%
hassakuXLIllustrious_v34.safetensors: 26.4%
hassakuXLIllustrious_v34.safetensors: 26.5%
hassakuXLIllustrious_v34.safetensors: 26.6%
hassakuXLIllustrious_v34.safetensors: 26.7%
hassakuXLIllustrious_v34.safetensors: 26.8%
hassakuXLIllustrious_v34.safetensors: 27.0%
hassakuXLIllustrious_v34.safetensors: 27.1%
hassakuXLIllustrious_v34.safetensors: 27.2%
hassakuXLIllustrious_v34.safetensors: 27.3%
hassakuXLIllustrious_v34.safetensors: 27.4%
hassakuXLIllustrious_v34.safetensors: 27.6%
hassakuXLIllustrious_v34.safetensors: 27.7%
hassakuXLIllustrious_v34.safetensors: 27.8%
hassakuXLIllustrious_v34.safetensors: 27.9%
hassakuXLIllustrious_v34.safetensors: 28.1%
hassakuXLIllustrious_v34.safetensors: 28.2%
hassakuXLIllustrious_v34.safetensors: 28.3%
hassakuXLIllustrious_v34.safetensors: 28.4%
hassakuXLIllustrious_v34.safetensors: 28.5%
hassakuXLIllustrious_v34.safetensors: 28.7%
hassakuXLIllustrious_v34.safetensors: 28.8%
hassakuXLIllustrious_v34.safetensors: 28.9%
hassakuXLIllustrious_v34.safetensors: 29.0%
hassakuXLIllustrious_v34.safetensors: 29.1%
hassakuXLIllustrious_v34.safetensors: 29.3%
hassakuXLIllustrious_v34.safetensors: 29.4%
hassakuXLIllustrious_v34.safetensors: 29.5%
hassakuXLIllustrious_v34.safetensors: 29.6%
hassakuXLIllustrious_v34.safetensors: 29.7%
hassakuXLIllustrious_v34.safetensors: 29.9%
hassakuXLIllustrious_v34.safetensors: 30.0%
hassakuXLIllustrious_v34.safetensors: 30.1%
hassakuXLIllustrious_v34.safetensors: 30.2%
hassakuXLIllustrious_v34.safetensors: 30.3%
hassakuXLIllustrious_v34.safetensors: 30.5%
hassakuXLIllustrious_v34.safetensors: 30.6%
hassakuXLIllustrious_v34.safetensors: 30.7%
hassakuXLIllustrious_v34.safetensors: 30.8%
hassakuXLIllustrious_v34.safetensors: 31.0%
hassakuXLIllustrious_v34.safetensors: 31.1%
hassakuXLIllustrious_v34.safetensors: 31.2%
hassakuXLIllustrious_v34.safetensors: 31.3%
hassakuXLIllustrious_v34.safetensors: 31.4%
hassakuXLIllustrious_v34.safetensors: 31.6%
hassakuXLIllustrious_v34.safetensors: 31.7%
hassakuXLIllustrious_v34.safetensors: 31.8%
hassakuXLIllustrious_v34.safetensors: 31.9%
hassakuXLIllustrious_v34.safetensors: 32.0%
hassakuXLIllustrious_v34.safetensors: 32.2%
hassakuXLIllustrious_v34.safetensors: 32.3%
hassakuXLIllustrious_v34.safetensors: 32.4%
hassakuXLIllustrious_v34.safetensors: 32.5%
hassakuXLIllustrious_v34.safetensors: 32.6%
hassakuXLIllustrious_v34.safetensors: 32.8%
hassakuXLIllustrious_v34.safetensors: 32.9%
hassakuXLIllustrious_v34.safetensors: 33.0%
hassakuXLIllustrious_v34.safetensors: 33.1%
hassakuXLIllustrious_v34.safetensors: 33.2%
hassakuXLIllustrious_v34.safetensors: 33.4%
hassakuXLIllustrious_v34.safetensors: 33.5%
hassakuXLIllustrious_v34.safetensors: 33.6%
hassakuXLIllustrious_v34.safetensors: 33.7%
hassakuXLIllustrious_v34.safetensors: 33.9%
hassakuXLIllustrious_v34.safetensors: 34.0%
hassakuXLIllustrious_v34.safetensors: 34.1%
hassakuXLIllustrious_v34.safetensors: 34.2%
hassakuXLIllustrious_v34.safetensors: 34.3%
hassakuXLIllustrious_v34.safetensors: 34.5%
hassakuXLIllustrious_v34.safetensors: 34.6%
hassakuXLIllustrious_v34.safetensors: 34.7%
hassakuXLIllustrious_v34.safetensors: 34.8%
hassakuXLIllustrious_v34.safetensors: 34.9%
hassakuXLIllustrious_v34.safetensors: 35.1%
hassakuXLIllustrious_v34.safetensors: 35.2%
hassakuXLIllustrious_v34.safetensors: 35.3%
hassakuXLIllustrious_v34.safetensors: 35.4%
hassakuXLIllustrious_v34.safetensors: 35.5%
hassakuXLIllustrious_v34.safetensors: 35.7%
hassakuXLIllustrious_v34.safetensors: 35.8%
hassakuXLIllustrious_v34.safetensors: 35.9%
hassakuXLIllustrious_v34.safetensors: 36.0%
hassakuXLIllustrious_v34.safetensors: 36.2%
hassakuXLIllustrious_v34.safetensors: 36.3%
hassakuXLIllustrious_v34.safetensors: 36.4%
hassakuXLIllustrious_v34.safetensors: 36.5%
hassakuXLIllustrious_v34.safetensors: 36.6%
hassakuXLIllustrious_v34.safetensors: 36.8%
hassakuXLIllustrious_v34.safetensors: 36.9%
hassakuXLIllustrious_v34.safetensors: 37.0%
hassakuXLIllustrious_v34.safetensors: 37.1%
hassakuXLIllustrious_v34.safetensors: 37.2%
hassakuXLIllustrious_v34.safetensors: 37.4%
hassakuXLIllustrious_v34.safetensors: 37.5%
hassakuXLIllustrious_v34.safetensors: 37.6%
hassakuXLIllustrious_v34.safetensors: 37.7%
hassakuXLIllustrious_v34.safetensors: 37.8%
hassakuXLIllustrious_v34.safetensors: 38.0%
hassakuXLIllustrious_v34.safetensors: 38.1%
hassakuXLIllustrious_v34.safetensors: 38.2%
hassakuXLIllustrious_v34.safetensors: 38.3%
hassakuXLIllustrious_v34.safetensors: 38.4%
hassakuXLIllustrious_v34.safetensors: 38.6%
hassakuXLIllustrious_v34.safetensors: 38.7%
hassakuXLIllustrious_v34.safetensors: 38.8%
hassakuXLIllustrious_v34.safetensors: 38.9%
hassakuXLIllustrious_v34.safetensors: 39.1%
hassakuXLIllustrious_v34.safetensors: 39.2%
hassakuXLIllustrious_v34.safetensors: 39.3%
hassakuXLIllustrious_v34.safetensors: 39.4%
hassakuXLIllustrious_v34.safetensors: 39.5%
hassakuXLIllustrious_v34.safetensors: 39.7%
hassakuXLIllustrious_v34.safetensors: 39.8%
hassakuXLIllustrious_v34.safetensors: 39.9%
hassakuXLIllustrious_v34.safetensors: 40.0%
hassakuXLIllustrious_v34.safetensors: 40.1%
hassakuXLIllustrious_v34.safetensors: 40.3%
hassakuXLIllustrious_v34.safetensors: 40.4%
hassakuXLIllustrious_v34.safetensors: 40.5%
hassakuXLIllustrious_v34.safetensors: 40.6%
hassakuXLIllustrious_v34.safetensors: 40.7%
hassakuXLIllustrious_v34.safetensors: 40.9%
hassakuXLIllustrious_v34.safetensors: 41.0%
hassakuXLIllustrious_v34.safetensors: 41.1%
hassakuXLIllustrious_v34.safetensors: 41.2%
hassakuXLIllustrious_v34.safetensors: 41.4%
hassakuXLIllustrious_v34.safetensors: 41.5%
hassakuXLIllustrious_v34.safetensors: 41.6%
hassakuXLIllustrious_v34.safetensors: 41.7%
hassakuXLIllustrious_v34.safetensors: 41.8%
hassakuXLIllustrious_v34.safetensors: 42.0%
hassakuXLIllustrious_v34.safetensors: 42.1%
hassakuXLIllustrious_v34.safetensors: 42.2%
hassakuXLIllustrious_v34.safetensors: 42.3%
hassakuXLIllustrious_v34.safetensors: 42.4%
hassakuXLIllustrious_v34.safetensors: 42.6%
hassakuXLIllustrious_v34.safetensors: 42.7%
hassakuXLIllustrious_v34.safetensors: 42.8%
hassakuXLIllustrious_v34.safetensors: 42.9%
hassakuXLIllustrious_v34.safetensors: 43.0%
hassakuXLIllustrious_v34.safetensors: 43.2%
hassakuXLIllustrious_v34.safetensors: 43.3%
hassakuXLIllustrious_v34.safetensors: 43.4%
hassakuXLIllustrious_v34.safetensors: 43.5%
hassakuXLIllustrious_v34.safetensors: 43.6%
hassakuXLIllustrious_v34.safetensors: 43.8%
hassakuXLIllustrious_v34.safetensors: 43.9%
hassakuXLIllustrious_v34.safetensors: 44.0%
hassakuXLIllustrious_v34.safetensors: 44.1%
hassakuXLIllustrious_v34.safetensors: 44.3%
hassakuXLIllustrious_v34.safetensors: 44.4%
hassakuXLIllustrious_v34.safetensors: 44.5%
hassakuXLIllustrious_v34.safetensors: 44.6%
hassakuXLIllustrious_v34.safetensors: 44.7%
hassakuXLIllustrious_v34.safetensors: 44.9%
hassakuXLIllustrious_v34.safetensors: 45.0%
hassakuXLIllustrious_v34.safetensors: 45.1%
hassakuXLIllustrious_v34.safetensors: 45.2%
hassakuXLIllustrious_v34.safetensors: 45.3%
hassakuXLIllustrious_v34.safetensors: 45.5%
hassakuXLIllustrious_v34.safetensors: 45.6%
hassakuXLIllustrious_v34.safetensors: 45.7%
hassakuXLIllustrious_v34.safetensors: 45.8%
hassakuXLIllustrious_v34.safetensors: 45.9%
hassakuXLIllustrious_v34.safetensors: 46.1%
hassakuXLIllustrious_v34.safetensors: 46.2%
hassakuXLIllustrious_v34.safetensors: 46.3%
hassakuXLIllustrious_v34.safetensors: 46.4%
hassakuXLIllustrious_v34.safetensors: 46.5%
hassakuXLIllustrious_v34.safetensors: 46.7%
hassakuXLIllustrious_v34.safetensors: 46.8%
hassakuXLIllustrious_v34.safetensors: 46.9%
hassakuXLIllustrious_v34.safetensors: 47.0%
hassakuXLIllustrious_v34.safetensors: 47.2%
hassakuXLIllustrious_v34.safetensors: 47.3%
hassakuXLIllustrious_v34.safetensors: 47.4%
hassakuXLIllustrious_v34.safetensors: 47.5%
hassakuXLIllustrious_v34.safetensors: 47.6%
hassakuXLIllustrious_v34.safetensors: 47.8%
hassakuXLIllustrious_v34.safetensors: 47.9%
hassakuXLIllustrious_v34.safetensors: 48.0%
hassakuXLIllustrious_v34.safetensors: 48.1%
hassakuXLIllustrious_v34.safetensors: 48.2%
hassakuXLIllustrious_v34.safetensors: 48.4%
hassakuXLIllustrious_v34.safetensors: 48.5%
hassakuXLIllustrious_v34.safetensors: 48.6%
hassakuXLIllustrious_v34.safetensors: 48.7%
hassakuXLIllustrious_v34.safetensors: 48.8%
hassakuXLIllustrious_v34.safetensors: 49.0%
hassakuXLIllustrious_v34.safetensors: 49.1%
hassakuXLIllustrious_v34.safetensors: 49.2%
hassakuXLIllustrious_v34.safetensors: 49.3%
hassakuXLIllustrious_v34.safetensors: 49.5%
hassakuXLIllustrious_v34.safetensors: 49.6%
hassakuXLIllustrious_v34.safetensors: 49.7%
hassakuXLIllustrious_v34.safetensors: 49.8%
hassakuXLIllustrious_v34.safetensors: 49.9%
hassakuXLIllustrious_v34.safetensors: 50.1%
hassakuXLIllustrious_v34.safetensors: 50.2%
hassakuXLIllustrious_v34.safetensors: 50.3%
hassakuXLIllustrious_v34.safetensors: 50.4%
hassakuXLIllustrious_v34.safetensors: 50.5%
hassakuXLIllustrious_v34.safetensors: 50.7%
hassakuXLIllustrious_v34.safetensors: 50.8%
hassakuXLIllustrious_v34.safetensors: 50.9%
hassakuXLIllustrious_v34.safetensors: 51.0%
hassakuXLIllustrious_v34.safetensors: 51.1%
hassakuXLIllustrious_v34.safetensors: 51.3%
hassakuXLIllustrious_v34.safetensors: 51.4%
hassakuXLIllustrious_v34.safetensors: 51.5%
hassakuXLIllustrious_v34.safetensors: 51.6%
hassakuXLIllustrious_v34.safetensors: 51.7%
hassakuXLIllustrious_v34.safetensors: 51.9%
hassakuXLIllustrious_v34.safetensors: 52.0%
hassakuXLIllustrious_v34.safetensors: 52.1%
hassakuXLIllustrious_v34.safetensors: 52.2%
hassakuXLIllustrious_v34.safetensors: 52.4%
hassakuXLIllustrious_v34.safetensors: 52.5%
hassakuXLIllustrious_v34.safetensors: 52.6%
hassakuXLIllustrious_v34.safetensors: 52.7%
hassakuXLIllustrious_v34.safetensors: 52.8%
hassakuXLIllustrious_v34.safetensors: 53.0%
hassakuXLIllustrious_v34.safetensors: 53.1%
hassakuXLIllustrious_v34.safetensors: 53.2%
hassakuXLIllustrious_v34.safetensors: 53.3%
hassakuXLIllustrious_v34.safetensors: 53.4%
hassakuXLIllustrious_v34.safetensors: 53.6%
hassakuXLIllustrious_v34.safetensors: 53.7%
hassakuXLIllustrious_v34.safetensors: 53.8%
hassakuXLIllustrious_v34.safetensors: 53.9%
hassakuXLIllustrious_v34.safetensors: 54.0%
hassakuXLIllustrious_v34.safetensors: 54.2%
hassakuXLIllustrious_v34.safetensors: 54.3%
hassakuXLIllustrious_v34.safetensors: 54.4%
hassakuXLIllustrious_v34.safetensors: 54.5%
hassakuXLIllustrious_v34.safetensors: 54.6%
hassakuXLIllustrious_v34.safetensors: 54.8%
hassakuXLIllustrious_v34.safetensors: 54.9%
hassakuXLIllustrious_v34.safetensors: 55.0%
hassakuXLIllustrious_v34.safetensors: 55.1%
hassakuXLIllustrious_v34.safetensors: 55.3%
hassakuXLIllustrious_v34.safetensors: 55.4%
hassakuXLIllustrious_v34.safetensors: 55.5%
hassakuXLIllustrious_v34.safetensors: 55.6%
hassakuXLIllustrious_v34.safetensors: 55.7%
hassakuXLIllustrious_v34.safetensors: 55.9%
hassakuXLIllustrious_v34.safetensors: 56.0%
hassakuXLIllustrious_v34.safetensors: 56.1%
hassakuXLIllustrious_v34.safetensors: 56.2%
hassakuXLIllustrious_v34.safetensors: 56.3%
hassakuXLIllustrious_v34.safetensors: 56.5%
hassakuXLIllustrious_v34.safetensors: 56.6%
hassakuXLIllustrious_v34.safetensors: 56.7%
hassakuXLIllustrious_v34.safetensors: 56.8%
hassakuXLIllustrious_v34.safetensors: 56.9%
hassakuXLIllustrious_v34.safetensors: 57.1%
hassakuXLIllustrious_v34.safetensors: 57.2%
hassakuXLIllustrious_v34.safetensors: 57.3%
hassakuXLIllustrious_v34.safetensors: 57.4%
hassakuXLIllustrious_v34.safetensors: 57.6%
hassakuXLIllustrious_v34.safetensors: 57.7%
hassakuXLIllustrious_v34.safetensors: 57.8%
hassakuXLIllustrious_v34.safetensors: 57.9%
hassakuXLIllustrious_v34.safetensors: 58.0%
hassakuXLIllustrious_v34.safetensors: 58.2%
hassakuXLIllustrious_v34.safetensors: 58.3%
hassakuXLIllustrious_v34.safetensors: 58.4%
hassakuXLIllustrious_v34.safetensors: 58.5%
hassakuXLIllustrious_v34.safetensors: 58.6%
hassakuXLIllustrious_v34.safetensors: 58.8%
hassakuXLIllustrious_v34.safetensors: 58.9%
hassakuXLIllustrious_v34.safetensors: 59.0%
hassakuXLIllustrious_v34.safetensors: 59.1%
hassakuXLIllustrious_v34.safetensors: 59.2%
hassakuXLIllustrious_v34.safetensors: 59.4%
hassakuXLIllustrious_v34.safetensors: 59.5%
hassakuXLIllustrious_v34.safetensors: 59.6%
hassakuXLIllustrious_v34.safetensors: 59.7%
hassakuXLIllustrious_v34.safetensors: 59.8%
hassakuXLIllustrious_v34.safetensors: 60.0%
hassakuXLIllustrious_v34.safetensors: 60.1%
hassakuXLIllustrious_v34.safetensors: 60.2%
hassakuXLIllustrious_v34.safetensors: 60.3%
hassakuXLIllustrious_v34.safetensors: 60.5%
hassakuXLIllustrious_v34.safetensors: 60.6%
hassakuXLIllustrious_v34.safetensors: 60.7%
hassakuXLIllustrious_v34.safetensors: 60.8%
hassakuXLIllustrious_v34.safetensors: 60.9%
hassakuXLIllustrious_v34.safetensors: 61.1%
hassakuXLIllustrious_v34.safetensors: 61.2%
hassakuXLIllustrious_v34.safetensors: 61.3%
hassakuXLIllustrious_v34.safetensors: 61.4%
hassakuXLIllustrious_v34.safetensors: 61.5%
hassakuXLIllustrious_v34.safetensors: 61.7%
hassakuXLIllustrious_v34.safetensors: 61.8%
hassakuXLIllustrious_v34.safetensors: 61.9%
hassakuXLIllustrious_v34.safetensors: 62.0%
hassakuXLIllustrious_v34.safetensors: 62.1%
hassakuXLIllustrious_v34.safetensors: 62.3%
hassakuXLIllustrious_v34.safetensors: 62.4%
hassakuXLIllustrious_v34.safetensors: 62.5%
hassakuXLIllustrious_v34.safetensors: 62.6%
hassakuXLIllustrious_v34.safetensors: 62.8%
hassakuXLIllustrious_v34.safetensors: 62.9%
hassakuXLIllustrious_v34.safetensors: 63.0%
hassakuXLIllustrious_v34.safetensors: 63.1%
hassakuXLIllustrious_v34.safetensors: 63.2%
hassakuXLIllustrious_v34.safetensors: 63.4%
hassakuXLIllustrious_v34.safetensors: 63.5%
hassakuXLIllustrious_v34.safetensors: 63.6%
hassakuXLIllustrious_v34.safetensors: 63.7%
hassakuXLIllustrious_v34.safetensors: 63.8%
hassakuXLIllustrious_v34.safetensors: 64.0%
hassakuXLIllustrious_v34.safetensors: 64.1%
hassakuXLIllustrious_v34.safetensors: 64.2%
hassakuXLIllustrious_v34.safetensors: 64.3%
hassakuXLIllustrious_v34.safetensors: 64.4%
hassakuXLIllustrious_v34.safetensors: 64.6%
hassakuXLIllustrious_v34.safetensors: 64.7%
hassakuXLIllustrious_v34.safetensors: 64.8%
hassakuXLIllustrious_v34.safetensors: 64.9%
hassakuXLIllustrious_v34.safetensors: 65.0%
hassakuXLIllustrious_v34.safetensors: 65.2%
hassakuXLIllustrious_v34.safetensors: 65.3%
hassakuXLIllustrious_v34.safetensors: 65.4%
hassakuXLIllustrious_v34.safetensors: 65.5%
hassakuXLIllustrious_v34.safetensors: 65.7%
hassakuXLIllustrious_v34.safetensors: 65.8%
hassakuXLIllustrious_v34.safetensors: 65.9%
hassakuXLIllustrious_v34.safetensors: 66.0%
hassakuXLIllustrious_v34.safetensors: 66.1%
hassakuXLIllustrious_v34.safetensors: 66.3%
hassakuXLIllustrious_v34.safetensors: 66.4%
hassakuXLIllustrious_v34.safetensors: 66.5%
hassakuXLIllustrious_v34.safetensors: 66.6%
hassakuXLIllustrious_v34.safetensors: 66.7%
hassakuXLIllustrious_v34.safetensors: 66.9%
hassakuXLIllustrious_v34.safetensors: 67.0%
hassakuXLIllustrious_v34.safetensors: 67.1%
hassakuXLIllustrious_v34.safetensors: 67.2%
hassakuXLIllustrious_v34.safetensors: 67.3%
hassakuXLIllustrious_v34.safetensors: 67.5%
hassakuXLIllustrious_v34.safetensors: 67.6%
hassakuXLIllustrious_v34.safetensors: 67.7%
hassakuXLIllustrious_v34.safetensors: 67.8%
hassakuXLIllustrious_v34.safetensors: 67.9%
hassakuXLIllustrious_v34.safetensors: 68.1%
hassakuXLIllustrious_v34.safetensors: 68.2%
hassakuXLIllustrious_v34.safetensors: 68.3%
hassakuXLIllustrious_v34.safetensors: 68.4%
hassakuXLIllustrious_v34.safetensors: 68.6%
hassakuXLIllustrious_v34.safetensors: 68.7%
hassakuXLIllustrious_v34.safetensors: 68.8%
hassakuXLIllustrious_v34.safetensors: 68.9%
hassakuXLIllustrious_v34.safetensors: 69.0%
hassakuXLIllustrious_v34.safetensors: 69.2%
hassakuXLIllustrious_v34.safetensors: 69.3%
hassakuXLIllustrious_v34.safetensors: 69.4%
hassakuXLIllustrious_v34.safetensors: 69.5%
hassakuXLIllustrious_v34.safetensors: 69.6%
hassakuXLIllustrious_v34.safetensors: 69.8%
hassakuXLIllustrious_v34.safetensors: 69.9%
hassakuXLIllustrious_v34.safetensors: 70.0%
hassakuXLIllustrious_v34.safetensors: 70.1%
hassakuXLIllustrious_v34.safetensors: 70.2%
hassakuXLIllustrious_v34.safetensors: 70.4%
hassakuXLIllustrious_v34.safetensors: 70.5%
hassakuXLIllustrious_v34.safetensors: 70.6%
hassakuXLIllustrious_v34.safetensors: 70.7%
hassakuXLIllustrious_v34.safetensors: 70.9%
hassakuXLIllustrious_v34.safetensors: 71.0%
hassakuXLIllustrious_v34.safetensors: 71.1%
hassakuXLIllustrious_v34.safetensors: 71.2%
hassakuXLIllustrious_v34.safetensors: 71.3%
hassakuXLIllustrious_v34.safetensors: 71.5%
hassakuXLIllustrious_v34.safetensors: 71.6%
hassakuXLIllustrious_v34.safetensors: 71.7%
hassakuXLIllustrious_v34.safetensors: 71.8%
hassakuXLIllustrious_v34.safetensors: 71.9%
hassakuXLIllustrious_v34.safetensors: 72.1%
hassakuXLIllustrious_v34.safetensors: 72.2%
hassakuXLIllustrious_v34.safetensors: 72.3%
hassakuXLIllustrious_v34.safetensors: 72.4%
hassakuXLIllustrious_v34.safetensors: 72.5%
hassakuXLIllustrious_v34.safetensors: 72.7%
hassakuXLIllustrious_v34.safetensors: 72.8%
hassakuXLIllustrious_v34.safetensors: 72.9%
hassakuXLIllustrious_v34.safetensors: 73.0%
hassakuXLIllustrious_v34.safetensors: 73.1%
hassakuXLIllustrious_v34.safetensors: 73.3%
hassakuXLIllustrious_v34.safetensors: 73.4%
hassakuXLIllustrious_v34.safetensors: 73.5%
hassakuXLIllustrious_v34.safetensors: 73.6%
hassakuXLIllustrious_v34.safetensors: 73.8%
hassakuXLIllustrious_v34.safetensors: 73.9%
hassakuXLIllustrious_v34.safetensors: 74.0%
hassakuXLIllustrious_v34.safetensors: 74.1%
hassakuXLIllustrious_v34.safetensors: 74.2%
hassakuXLIllustrious_v34.safetensors: 74.4%
hassakuXLIllustrious_v34.safetensors: 74.5%
hassakuXLIllustrious_v34.safetensors: 74.6%
hassakuXLIllustrious_v34.safetensors: 74.7%
hassakuXLIllustrious_v34.safetensors: 74.8%
hassakuXLIllustrious_v34.safetensors: 75.0%
hassakuXLIllustrious_v34.safetensors: 75.1%
hassakuXLIllustrious_v34.safetensors: 75.2%
hassakuXLIllustrious_v34.safetensors: 75.3%
hassakuXLIllustrious_v34.safetensors: 75.4%
hassakuXLIllustrious_v34.safetensors: 75.6%
hassakuXLIllustrious_v34.safetensors: 75.7%
hassakuXLIllustrious_v34.safetensors: 75.8%
hassakuXLIllustrious_v34.safetensors: 75.9%
hassakuXLIllustrious_v34.safetensors: 76.1%
hassakuXLIllustrious_v34.safetensors: 76.2%
hassakuXLIllustrious_v34.safetensors: 76.3%
hassakuXLIllustrious_v34.safetensors: 76.4%
hassakuXLIllustrious_v34.safetensors: 76.5%
hassakuXLIllustrious_v34.safetensors: 76.7%
hassakuXLIllustrious_v34.safetensors: 76.8%
hassakuXLIllustrious_v34.safetensors: 76.9%
hassakuXLIllustrious_v34.safetensors: 77.0%
hassakuXLIllustrious_v34.safetensors: 77.1%
hassakuXLIllustrious_v34.safetensors: 77.3%
hassakuXLIllustrious_v34.safetensors: 77.4%
hassakuXLIllustrious_v34.safetensors: 77.5%
hassakuXLIllustrious_v34.safetensors: 77.6%
hassakuXLIllustrious_v34.safetensors: 77.7%
hassakuXLIllustrious_v34.safetensors: 77.9%
hassakuXLIllustrious_v34.safetensors: 78.0%
hassakuXLIllustrious_v34.safetensors: 78.1%
hassakuXLIllustrious_v34.safetensors: 78.2%
hassakuXLIllustrious_v34.safetensors: 78.3%
hassakuXLIllustrious_v34.safetensors: 78.5%
hassakuXLIllustrious_v34.safetensors: 78.6%
hassakuXLIllustrious_v34.safetensors: 78.7%
hassakuXLIllustrious_v34.safetensors: 78.8%
hassakuXLIllustrious_v34.safetensors: 79.0%
hassakuXLIllustrious_v34.safetensors: 79.1%
hassakuXLIllustrious_v34.safetensors: 79.2%
hassakuXLIllustrious_v34.safetensors: 79.3%
hassakuXLIllustrious_v34.safetensors: 79.4%
hassakuXLIllustrious_v34.safetensors: 79.6%
hassakuXLIllustrious_v34.safetensors: 79.7%
hassakuXLIllustrious_v34.safetensors: 79.8%
hassakuXLIllustrious_v34.safetensors: 79.9%
hassakuXLIllustrious_v34.safetensors: 80.0%
hassakuXLIllustrious_v34.safetensors: 80.2%
hassakuXLIllustrious_v34.safetensors: 80.3%
hassakuXLIllustrious_v34.safetensors: 80.4%
hassakuXLIllustrious_v34.safetensors: 80.5%
hassakuXLIllustrious_v34.safetensors: 80.6%
hassakuXLIllustrious_v34.safetensors: 80.8%
hassakuXLIllustrious_v34.safetensors: 80.9%
hassakuXLIllustrious_v34.safetensors: 81.0%
hassakuXLIllustrious_v34.safetensors: 81.1%
hassakuXLIllustrious_v34.safetensors: 81.2%
hassakuXLIllustrious_v34.safetensors: 81.4%
hassakuXLIllustrious_v34.safetensors: 81.5%
hassakuXLIllustrious_v34.safetensors: 81.6%
hassakuXLIllustrious_v34.safetensors: 81.7%
hassakuXLIllustrious_v34.safetensors: 81.9%
hassakuXLIllustrious_v34.safetensors: 82.0%
hassakuXLIllustrious_v34.safetensors: 82.1%
hassakuXLIllustrious_v34.safetensors: 82.2%
hassakuXLIllustrious_v34.safetensors: 82.3%
hassakuXLIllustrious_v34.safetensors: 82.5%
hassakuXLIllustrious_v34.safetensors: 82.6%
hassakuXLIllustrious_v34.safetensors: 82.7%
hassakuXLIllustrious_v34.safetensors: 82.8%
hassakuXLIllustrious_v34.safetensors: 82.9%
hassakuXLIllustrious_v34.safetensors: 83.1%
hassakuXLIllustrious_v34.safetensors: 83.2%
hassakuXLIllustrious_v34.safetensors: 83.3%
hassakuXLIllustrious_v34.safetensors: 83.4%
hassakuXLIllustrious_v34.safetensors: 83.5%
hassakuXLIllustrious_v34.safetensors: 83.7%
hassakuXLIllustrious_v34.safetensors: 83.8%
hassakuXLIllustrious_v34.safetensors: 83.9%
hassakuXLIllustrious_v34.safetensors: 84.0%
hassakuXLIllustrious_v34.safetensors: 84.2%
hassakuXLIllustrious_v34.safetensors: 84.3%
hassakuXLIllustrious_v34.safetensors: 84.4%
hassakuXLIllustrious_v34.safetensors: 84.5%
hassakuXLIllustrious_v34.safetensors: 84.6%
hassakuXLIllustrious_v34.safetensors: 84.8%
hassakuXLIllustrious_v34.safetensors: 84.9%
hassakuXLIllustrious_v34.safetensors: 85.0%
hassakuXLIllustrious_v34.safetensors: 85.1%
hassakuXLIllustrious_v34.safetensors: 85.2%
hassakuXLIllustrious_v34.safetensors: 85.4%
hassakuXLIllustrious_v34.safetensors: 85.5%
hassakuXLIllustrious_v34.safetensors: 85.6%
hassakuXLIllustrious_v34.safetensors: 85.7%
hassakuXLIllustrious_v34.safetensors: 85.8%
hassakuXLIllustrious_v34.safetensors: 86.0%
hassakuXLIllustrious_v34.safetensors: 86.1%
hassakuXLIllustrious_v34.safetensors: 86.2%
hassakuXLIllustrious_v34.safetensors: 86.3%
hassakuXLIllustrious_v34.safetensors: 86.4%
hassakuXLIllustrious_v34.safetensors: 86.6%
hassakuXLIllustrious_v34.safetensors: 86.7%
hassakuXLIllustrious_v34.safetensors: 86.8%
hassakuXLIllustrious_v34.safetensors: 86.9%
hassakuXLIllustrious_v34.safetensors: 87.1%
hassakuXLIllustrious_v34.safetensors: 87.2%
hassakuXLIllustrious_v34.safetensors: 87.3%
hassakuXLIllustrious_v34.safetensors: 87.4%
hassakuXLIllustrious_v34.safetensors: 87.5%
hassakuXLIllustrious_v34.safetensors: 87.7%
hassakuXLIllustrious_v34.safetensors: 87.8%
hassakuXLIllustrious_v34.safetensors: 87.9%
hassakuXLIllustrious_v34.safetensors: 88.0%
hassakuXLIllustrious_v34.safetensors: 88.1%
hassakuXLIllustrious_v34.safetensors: 88.3%
hassakuXLIllustrious_v34.safetensors: 88.4%
hassakuXLIllustrious_v34.safetensors: 88.5%
hassakuXLIllustrious_v34.safetensors: 88.6%
hassakuXLIllustrious_v34.safetensors: 88.7%
hassakuXLIllustrious_v34.safetensors: 88.9%
hassakuXLIllustrious_v34.safetensors: 89.0%
hassakuXLIllustrious_v34.safetensors: 89.1%
hassakuXLIllustrious_v34.safetensors: 89.2%
hassakuXLIllustrious_v34.safetensors: 89.4%
hassakuXLIllustrious_v34.safetensors: 89.5%
hassakuXLIllustrious_v34.safetensors: 89.6%
hassakuXLIllustrious_v34.safetensors: 89.7%
hassakuXLIllustrious_v34.safetensors: 89.8%
hassakuXLIllustrious_v34.safetensors: 90.0%
hassakuXLIllustrious_v34.safetensors: 90.1%
hassakuXLIllustrious_v34.safetensors: 90.2%
hassakuXLIllustrious_v34.safetensors: 90.3%
hassakuXLIllustrious_v34.safetensors: 90.4%
hassakuXLIllustrious_v34.safetensors: 90.6%
hassakuXLIllustrious_v34.safetensors: 90.7%
hassakuXLIllustrious_v34.safetensors: 90.8%
hassakuXLIllustrious_v34.safetensors: 90.9%
hassakuXLIllustrious_v34.safetensors: 91.0%
hassakuXLIllustrious_v34.safetensors: 91.2%
hassakuXLIllustrious_v34.safetensors: 91.3%
hassakuXLIllustrious_v34.safetensors: 91.4%
hassakuXLIllustrious_v34.safetensors: 91.5%
hassakuXLIllustrious_v34.safetensors: 91.6%
hassakuXLIllustrious_v34.safetensors: 91.8%
hassakuXLIllustrious_v34.safetensors: 91.9%
hassakuXLIllustrious_v34.safetensors: 92.0%
hassakuXLIllustrious_v34.safetensors: 92.1%
hassakuXLIllustrious_v34.safetensors: 92.3%
hassakuXLIllustrious_v34.safetensors: 92.4%
hassakuXLIllustrious_v34.safetensors: 92.5%
hassakuXLIllustrious_v34.safetensors: 92.6%
hassakuXLIllustrious_v34.safetensors: 92.7%
hassakuXLIllustrious_v34.safetensors: 92.9%
hassakuXLIllustrious_v34.safetensors: 93.0%
hassakuXLIllustrious_v34.safetensors: 93.1%
hassakuXLIllustrious_v34.safetensors: 93.2%
hassakuXLIllustrious_v34.safetensors: 93.3%
hassakuXLIllustrious_v34.safetensors: 93.5%
hassakuXLIllustrious_v34.safetensors: 93.6%
hassakuXLIllustrious_v34.safetensors: 93.7%
hassakuXLIllustrious_v34.safetensors: 93.8%
hassakuXLIllustrious_v34.safetensors: 93.9%
hassakuXLIllustrious_v34.safetensors: 94.1%
hassakuXLIllustrious_v34.safetensors: 94.2%
hassakuXLIllustrious_v34.safetensors: 94.3%
hassakuXLIllustrious_v34.safetensors: 94.4%
hassakuXLIllustrious_v34.safetensors: 94.5%
hassakuXLIllustrious_v34.safetensors: 94.7%
hassakuXLIllustrious_v34.safetensors: 94.8%
hassakuXLIllustrious_v34.safetensors: 94.9%
hassakuXLIllustrious_v34.safetensors: 95.0%
hassakuXLIllustrious_v34.safetensors: 95.2%
hassakuXLIllustrious_v34.safetensors: 95.3%
hassakuXLIllustrious_v34.safetensors: 95.4%
hassakuXLIllustrious_v34.safetensors: 95.5%
hassakuXLIllustrious_v34.safetensors: 95.6%
hassakuXLIllustrious_v34.safetensors: 95.8%
hassakuXLIllustrious_v34.safetensors: 95.9%
hassakuXLIllustrious_v34.safetensors: 96.0%
hassakuXLIllustrious_v34.safetensors: 96.1%
hassakuXLIllustrious_v34.safetensors: 96.2%
hassakuXLIllustrious_v34.safetensors: 96.4%
hassakuXLIllustrious_v34.safetensors: 96.5%
hassakuXLIllustrious_v34.safetensors: 96.6%
hassakuXLIllustrious_v34.safetensors: 96.7%
hassakuXLIllustrious_v34.safetensors: 96.8%
hassakuXLIllustrious_v34.safetensors: 97.0%
hassakuXLIllustrious_v34.safetensors: 97.1%
hassakuXLIllustrious_v34.safetensors: 97.2%
hassakuXLIllustrious_v34.safetensors: 97.3%
hassakuXLIllustrious_v34.safetensors: 97.5%
hassakuXLIllustrious_v34.safetensors: 97.6%
hassakuXLIllustrious_v34.safetensors: 97.7%
hassakuXLIllustrious_v34.safetensors: 97.8%
hassakuXLIllustrious_v34.safetensors: 97.9%
hassakuXLIllustrious_v34.safetensors: 98.1%
hassakuXLIllustrious_v34.safetensors: 98.2%
hassakuXLIllustrious_v34.safetensors: 98.3%
hassakuXLIllustrious_v34.safetensors: 98.4%
hassakuXLIllustrious_v34.safetensors: 98.5%
hassakuXLIllustrious_v34.safetensors: 98.7%
hassakuXLIllustrious_v34.safetensors: 98.8%
hassakuXLIllustrious_v34.safetensors: 98.9%
hassakuXLIllustrious_v34.safetensors: 99.0%
hassakuXLIllustrious_v34.safetensors: 99.1%
hassakuXLIllustrious_v34.safetensors: 99.3%
hassakuXLIllustrious_v34.safetensors: 99.4%
hassakuXLIllustrious_v34.safetensors: 99.5%
hassakuXLIllustrious_v34.safetensors: 99.6%
hassakuXLIllustrious_v34.safetensors: 99.7%
hassakuXLIllustrious_v34.safetensors: 99.9%
hassakuXLIllustrious_v34.safetensors: 100.0%
hassakuXLIllustrious_v34.safetensors: 100.0%
downloaded and verified: hassakuXLIllustrious_v34.safetensors
comix_b3.safetensors: 0.1%
comix_b3.safetensors: 0.2%
comix_b3.safetensors: 0.4%
comix_b3.safetensors: 0.5%
comix_b3.safetensors: 0.6%
comix_b3.safetensors: 0.7%
comix_b3.safetensors: 0.8%
comix_b3.safetensors: 0.9%
comix_b3.safetensors: 1.1%
comix_b3.safetensors: 1.2%
comix_b3.safetensors: 1.3%
comix_b3.safetensors: 1.4%
comix_b3.safetensors: 1.5%
comix_b3.safetensors: 1.7%
comix_b3.safetensors: 1.8%
comix_b3.safetensors: 1.9%
comix_b3.safetensors: 2.0%
comix_b3.safetensors: 2.1%
comix_b3.safetensors: 2.2%
comix_b3.safetensors: 2.4%
comix_b3.safetensors: 2.5%
comix_b3.safetensors: 2.6%
comix_b3.safetensors: 2.7%
comix_b3.safetensors: 2.8%
comix_b3.safetensors: 3.0%
comix_b3.safetensors: 3.1%
comix_b3.safetensors: 3.2%
comix_b3.safetensors: 3.3%
comix_b3.safetensors: 3.4%
comix_b3.safetensors: 3.5%
comix_b3.safetensors: 3.7%
comix_b3.safetensors: 3.8%
comix_b3.safetensors: 3.9%
comix_b3.safetensors: 4.0%
comix_b3.safetensors: 4.1%
comix_b3.safetensors: 4.3%
comix_b3.safetensors: 4.4%
comix_b3.safetensors: 4.5%
comix_b3.safetensors: 4.6%
comix_b3.safetensors: 4.7%
comix_b3.safetensors: 4.8%
comix_b3.safetensors: 5.0%
comix_b3.safetensors: 5.1%
comix_b3.safetensors: 5.2%
comix_b3.safetensors: 5.3%
comix_b3.safetensors: 5.4%
comix_b3.safetensors: 5.5%
comix_b3.safetensors: 5.7%
comix_b3.safetensors: 5.8%
comix_b3.safetensors: 5.9%
comix_b3.safetensors: 6.0%
comix_b3.safetensors: 6.1%
comix_b3.safetensors: 6.3%
comix_b3.safetensors: 6.4%
comix_b3.safetensors: 6.5%
comix_b3.safetensors: 6.6%
comix_b3.safetensors: 6.7%
comix_b3.safetensors: 6.8%
comix_b3.safetensors: 7.0%
comix_b3.safetensors: 7.1%
comix_b3.safetensors: 7.2%
comix_b3.safetensors: 7.3%
comix_b3.safetensors: 7.4%
comix_b3.safetensors: 7.6%
comix_b3.safetensors: 7.7%
comix_b3.safetensors: 7.8%
comix_b3.safetensors: 7.9%
comix_b3.safetensors: 8.0%
comix_b3.safetensors: 8.1%
comix_b3.safetensors: 8.3%
comix_b3.safetensors: 8.4%
comix_b3.safetensors: 8.5%
comix_b3.safetensors: 8.6%
comix_b3.safetensors: 8.7%
comix_b3.safetensors: 8.9%
comix_b3.safetensors: 9.0%
comix_b3.safetensors: 9.1%
comix_b3.safetensors: 9.2%
comix_b3.safetensors: 9.3%
comix_b3.safetensors: 9.4%
comix_b3.safetensors: 9.6%
comix_b3.safetensors: 9.7%
comix_b3.safetensors: 9.8%
comix_b3.safetensors: 9.9%
comix_b3.safetensors: 10.0%
comix_b3.safetensors: 10.2%
comix_b3.safetensors: 10.3%
comix_b3.safetensors: 10.4%
comix_b3.safetensors: 10.5%
comix_b3.safetensors: 10.6%
comix_b3.safetensors: 10.7%
comix_b3.safetensors: 10.9%
comix_b3.safetensors: 11.0%
comix_b3.safetensors: 11.1%
comix_b3.safetensors: 11.2%
comix_b3.safetensors: 11.3%
comix_b3.safetensors: 11.5%
comix_b3.safetensors: 11.6%
comix_b3.safetensors: 11.7%
comix_b3.safetensors: 11.8%
comix_b3.safetensors: 11.9%
comix_b3.safetensors: 12.0%
comix_b3.safetensors: 12.2%
comix_b3.safetensors: 12.3%
comix_b3.safetensors: 12.4%
comix_b3.safetensors: 12.5%
comix_b3.safetensors: 12.6%
comix_b3.safetensors: 12.8%
comix_b3.safetensors: 12.9%
comix_b3.safetensors: 13.0%
comix_b3.safetensors: 13.1%
comix_b3.safetensors: 13.2%
comix_b3.safetensors: 13.3%
comix_b3.safetensors: 13.5%
comix_b3.safetensors: 13.6%
comix_b3.safetensors: 13.7%
comix_b3.safetensors: 13.8%
comix_b3.safetensors: 13.9%
comix_b3.safetensors: 14.0%
comix_b3.safetensors: 14.2%
comix_b3.safetensors: 14.3%
comix_b3.safetensors: 14.4%
comix_b3.safetensors: 14.5%
comix_b3.safetensors: 14.6%
comix_b3.safetensors: 14.8%
comix_b3.safetensors: 14.9%
comix_b3.safetensors: 15.0%
comix_b3.safetensors: 15.1%
comix_b3.safetensors: 15.2%
comix_b3.safetensors: 15.3%
comix_b3.safetensors: 15.5%
comix_b3.safetensors: 15.6%
comix_b3.safetensors: 15.7%
comix_b3.safetensors: 15.8%
comix_b3.safetensors: 15.9%
comix_b3.safetensors: 16.1%
comix_b3.safetensors: 16.2%
comix_b3.safetensors: 16.3%
comix_b3.safetensors: 16.4%
comix_b3.safetensors: 16.5%
comix_b3.safetensors: 16.6%
comix_b3.safetensors: 16.8%
comix_b3.safetensors: 16.9%
comix_b3.safetensors: 17.0%
comix_b3.safetensors: 17.1%
comix_b3.safetensors: 17.2%
comix_b3.safetensors: 17.4%
comix_b3.safetensors: 17.5%
comix_b3.safetensors: 17.6%
comix_b3.safetensors: 17.7%
comix_b3.safetensors: 17.8%
comix_b3.safetensors: 17.9%
comix_b3.safetensors: 18.1%
comix_b3.safetensors: 18.2%
comix_b3.safetensors: 18.3%
comix_b3.safetensors: 18.4%
comix_b3.safetensors: 18.5%
comix_b3.safetensors: 18.7%
comix_b3.safetensors: 18.8%
comix_b3.safetensors: 18.9%
comix_b3.safetensors: 19.0%
comix_b3.safetensors: 19.1%
comix_b3.safetensors: 19.2%
comix_b3.safetensors: 19.4%
comix_b3.safetensors: 19.5%
comix_b3.safetensors: 19.6%
comix_b3.safetensors: 19.7%
comix_b3.safetensors: 19.8%
comix_b3.safetensors: 20.0%
comix_b3.safetensors: 20.1%
comix_b3.safetensors: 20.2%
comix_b3.safetensors: 20.3%
comix_b3.safetensors: 20.4%
comix_b3.safetensors: 20.5%
comix_b3.safetensors: 20.7%
comix_b3.safetensors: 20.8%
comix_b3.safetensors: 20.9%
comix_b3.safetensors: 21.0%
comix_b3.safetensors: 21.1%
comix_b3.safetensors: 21.3%
comix_b3.safetensors: 21.4%
comix_b3.safetensors: 21.5%
comix_b3.safetensors: 21.6%
comix_b3.safetensors: 21.7%
comix_b3.safetensors: 21.8%
comix_b3.safetensors: 22.0%
comix_b3.safetensors: 22.1%
comix_b3.safetensors: 22.2%
comix_b3.safetensors: 22.3%
comix_b3.safetensors: 22.4%
comix_b3.safetensors: 22.5%
comix_b3.safetensors: 22.7%
comix_b3.safetensors: 22.8%
comix_b3.safetensors: 22.9%
comix_b3.safetensors: 23.0%
comix_b3.safetensors: 23.1%
comix_b3.safetensors: 23.3%
comix_b3.safetensors: 23.4%
comix_b3.safetensors: 23.5%
comix_b3.safetensors: 23.6%
comix_b3.safetensors: 23.7%
comix_b3.safetensors: 23.8%
comix_b3.safetensors: 24.0%
comix_b3.safetensors: 24.1%
comix_b3.safetensors: 24.2%
comix_b3.safetensors: 24.3%
comix_b3.safetensors: 24.4%
comix_b3.safetensors: 24.6%
comix_b3.safetensors: 24.7%
comix_b3.safetensors: 24.8%
comix_b3.safetensors: 24.9%
comix_b3.safetensors: 25.0%
comix_b3.safetensors: 25.1%
comix_b3.safetensors: 25.3%
comix_b3.safetensors: 25.4%
comix_b3.safetensors: 25.5%
comix_b3.safetensors: 25.6%
comix_b3.safetensors: 25.7%
comix_b3.safetensors: 25.9%
comix_b3.safetensors: 26.0%
comix_b3.safetensors: 26.1%
comix_b3.safetensors: 26.2%
comix_b3.safetensors: 26.3%
comix_b3.safetensors: 26.4%
comix_b3.safetensors: 26.6%
comix_b3.safetensors: 26.7%
comix_b3.safetensors: 26.8%
comix_b3.safetensors: 26.9%
comix_b3.safetensors: 27.0%
comix_b3.safetensors: 27.2%
comix_b3.safetensors: 27.3%
comix_b3.safetensors: 27.4%
comix_b3.safetensors: 27.5%
comix_b3.safetensors: 27.6%
comix_b3.safetensors: 27.7%
comix_b3.safetensors: 27.9%
comix_b3.safetensors: 28.0%
comix_b3.safetensors: 28.1%
comix_b3.safetensors: 28.2%
comix_b3.safetensors: 28.3%
comix_b3.safetensors: 28.5%
comix_b3.safetensors: 28.6%
comix_b3.safetensors: 28.7%
comix_b3.safetensors: 28.8%
comix_b3.safetensors: 28.9%
comix_b3.safetensors: 29.0%
comix_b3.safetensors: 29.2%
comix_b3.safetensors: 29.3%
comix_b3.safetensors: 29.4%
comix_b3.safetensors: 29.5%
comix_b3.safetensors: 29.6%
comix_b3.safetensors: 29.8%
comix_b3.safetensors: 29.9%
comix_b3.safetensors: 30.0%
comix_b3.safetensors: 30.1%
comix_b3.safetensors: 30.2%
comix_b3.safetensors: 30.3%
comix_b3.safetensors: 30.5%
comix_b3.safetensors: 30.6%
comix_b3.safetensors: 30.7%
comix_b3.safetensors: 30.8%
comix_b3.safetensors: 30.9%
comix_b3.safetensors: 31.0%
comix_b3.safetensors: 31.2%
comix_b3.safetensors: 31.3%
comix_b3.safetensors: 31.4%
comix_b3.safetensors: 31.5%
comix_b3.safetensors: 31.6%
comix_b3.safetensors: 31.8%
comix_b3.safetensors: 31.9%
comix_b3.safetensors: 32.0%
comix_b3.safetensors: 32.1%
comix_b3.safetensors: 32.2%
comix_b3.safetensors: 32.3%
comix_b3.safetensors: 32.5%
comix_b3.safetensors: 32.6%
comix_b3.safetensors: 32.7%
comix_b3.safetensors: 32.8%
comix_b3.safetensors: 32.9%
comix_b3.safetensors: 33.1%
comix_b3.safetensors: 33.2%
comix_b3.safetensors: 33.3%
comix_b3.safetensors: 33.4%
comix_b3.safetensors: 33.5%
comix_b3.safetensors: 33.6%
comix_b3.safetensors: 33.8%
comix_b3.safetensors: 33.9%
comix_b3.safetensors: 34.0%
comix_b3.safetensors: 34.1%
comix_b3.safetensors: 34.2%
comix_b3.safetensors: 34.4%
comix_b3.safetensors: 34.5%
comix_b3.safetensors: 34.6%
comix_b3.safetensors: 34.7%
comix_b3.safetensors: 34.8%
comix_b3.safetensors: 34.9%
comix_b3.safetensors: 35.1%
comix_b3.safetensors: 35.2%
comix_b3.safetensors: 35.3%
comix_b3.safetensors: 35.4%
comix_b3.safetensors: 35.5%
comix_b3.safetensors: 35.7%
comix_b3.safetensors: 35.8%
comix_b3.safetensors: 35.9%
comix_b3.safetensors: 36.0%
comix_b3.safetensors: 36.1%
comix_b3.safetensors: 36.2%
comix_b3.safetensors: 36.4%
comix_b3.safetensors: 36.5%
comix_b3.safetensors: 36.6%
comix_b3.safetensors: 36.7%
comix_b3.safetensors: 36.8%
comix_b3.safetensors: 37.0%
comix_b3.safetensors: 37.1%
comix_b3.safetensors: 37.2%
comix_b3.safetensors: 37.3%
comix_b3.safetensors: 37.4%
comix_b3.safetensors: 37.5%
comix_b3.safetensors: 37.7%
comix_b3.safetensors: 37.8%
comix_b3.safetensors: 37.9%
comix_b3.safetensors: 38.0%
comix_b3.safetensors: 38.1%
comix_b3.safetensors: 38.3%
comix_b3.safetensors: 38.4%
comix_b3.safetensors: 38.5%
comix_b3.safetensors: 38.6%
comix_b3.safetensors: 38.7%
comix_b3.safetensors: 38.8%
comix_b3.safetensors: 39.0%
comix_b3.safetensors: 39.1%
comix_b3.safetensors: 39.2%
comix_b3.safetensors: 39.3%
comix_b3.safetensors: 39.4%
comix_b3.safetensors: 39.6%
comix_b3.safetensors: 39.7%
comix_b3.safetensors: 39.8%
comix_b3.safetensors: 39.9%
comix_b3.safetensors: 40.0%
comix_b3.safetensors: 40.1%
comix_b3.safetensors: 40.3%
comix_b3.safetensors: 40.4%
comix_b3.safetensors: 40.5%
comix_b3.safetensors: 40.6%
comix_b3.safetensors: 40.7%
comix_b3.safetensors: 40.8%
comix_b3.safetensors: 41.0%
comix_b3.safetensors: 41.1%
comix_b3.safetensors: 41.2%
comix_b3.safetensors: 41.3%
comix_b3.safetensors: 41.4%
comix_b3.safetensors: 41.6%
comix_b3.safetensors: 41.7%
comix_b3.safetensors: 41.8%
comix_b3.safetensors: 41.9%
comix_b3.safetensors: 42.0%
comix_b3.safetensors: 42.1%
comix_b3.safetensors: 42.3%
comix_b3.safetensors: 42.4%
comix_b3.safetensors: 42.5%
comix_b3.safetensors: 42.6%
comix_b3.safetensors: 42.7%
comix_b3.safetensors: 42.9%
comix_b3.safetensors: 43.0%
comix_b3.safetensors: 43.1%
comix_b3.safetensors: 43.2%
comix_b3.safetensors: 43.3%
comix_b3.safetensors: 43.4%
comix_b3.safetensors: 43.6%
comix_b3.safetensors: 43.7%
comix_b3.safetensors: 43.8%
comix_b3.safetensors: 43.9%
comix_b3.safetensors: 44.0%
comix_b3.safetensors: 44.2%
comix_b3.safetensors: 44.3%
comix_b3.safetensors: 44.4%
comix_b3.safetensors: 44.5%
comix_b3.safetensors: 44.6%
comix_b3.safetensors: 44.7%
comix_b3.safetensors: 44.9%
comix_b3.safetensors: 45.0%
comix_b3.safetensors: 45.1%
comix_b3.safetensors: 45.2%
comix_b3.safetensors: 45.3%
comix_b3.safetensors: 45.5%
comix_b3.safetensors: 45.6%
comix_b3.safetensors: 45.7%
comix_b3.safetensors: 45.8%
comix_b3.safetensors: 45.9%
comix_b3.safetensors: 46.0%
comix_b3.safetensors: 46.2%
comix_b3.safetensors: 46.3%
comix_b3.safetensors: 46.4%
comix_b3.safetensors: 46.5%
comix_b3.safetensors: 46.6%
comix_b3.safetensors: 46.8%
comix_b3.safetensors: 46.9%
comix_b3.safetensors: 47.0%
comix_b3.safetensors: 47.1%
comix_b3.safetensors: 47.2%
comix_b3.safetensors: 47.3%
comix_b3.safetensors: 47.5%
comix_b3.safetensors: 47.6%
comix_b3.safetensors: 47.7%
comix_b3.safetensors: 47.8%
comix_b3.safetensors: 47.9%
comix_b3.safetensors: 48.1%
comix_b3.safetensors: 48.2%
comix_b3.safetensors: 48.3%
comix_b3.safetensors: 48.4%
comix_b3.safetensors: 48.5%
comix_b3.safetensors: 48.6%
comix_b3.safetensors: 48.8%
comix_b3.safetensors: 48.9%
comix_b3.safetensors: 49.0%
comix_b3.safetensors: 49.1%
comix_b3.safetensors: 49.2%
comix_b3.safetensors: 49.3%
comix_b3.safetensors: 49.5%
comix_b3.safetensors: 49.6%
comix_b3.safetensors: 49.7%
comix_b3.safetensors: 49.8%
comix_b3.safetensors: 49.9%
comix_b3.safetensors: 50.1%
comix_b3.safetensors: 50.2%
comix_b3.safetensors: 50.3%
comix_b3.safetensors: 50.4%
comix_b3.safetensors: 50.5%
comix_b3.safetensors: 50.6%
comix_b3.safetensors: 50.8%
comix_b3.safetensors: 50.9%
comix_b3.safetensors: 51.0%
comix_b3.safetensors: 51.1%
comix_b3.safetensors: 51.2%
comix_b3.safetensors: 51.4%
comix_b3.safetensors: 51.5%
comix_b3.safetensors: 51.6%
comix_b3.safetensors: 51.7%
comix_b3.safetensors: 51.8%
comix_b3.safetensors: 51.9%
comix_b3.safetensors: 52.1%
comix_b3.safetensors: 52.2%
comix_b3.safetensors: 52.3%
comix_b3.safetensors: 52.4%
comix_b3.safetensors: 52.5%
comix_b3.safetensors: 52.7%
comix_b3.safetensors: 52.8%
comix_b3.safetensors: 52.9%
comix_b3.safetensors: 53.0%
comix_b3.safetensors: 53.1%
comix_b3.safetensors: 53.2%
comix_b3.safetensors: 53.4%
comix_b3.safetensors: 53.5%
comix_b3.safetensors: 53.6%
comix_b3.safetensors: 53.7%
comix_b3.safetensors: 53.8%
comix_b3.safetensors: 54.0%
comix_b3.safetensors: 54.1%
comix_b3.safetensors: 54.2%
comix_b3.safetensors: 54.3%
comix_b3.safetensors: 54.4%
comix_b3.safetensors: 54.5%
comix_b3.safetensors: 54.7%
comix_b3.safetensors: 54.8%
comix_b3.safetensors: 54.9%
comix_b3.safetensors: 55.0%
comix_b3.safetensors: 55.1%
comix_b3.safetensors: 55.3%
comix_b3.safetensors: 55.4%
comix_b3.safetensors: 55.5%
comix_b3.safetensors: 55.6%
comix_b3.safetensors: 55.7%
comix_b3.safetensors: 55.8%
comix_b3.safetensors: 56.0%
comix_b3.safetensors: 56.1%
comix_b3.safetensors: 56.2%
comix_b3.safetensors: 56.3%
comix_b3.safetensors: 56.4%
comix_b3.safetensors: 56.6%
comix_b3.safetensors: 56.7%
comix_b3.safetensors: 56.8%
comix_b3.safetensors: 56.9%
comix_b3.safetensors: 57.0%
comix_b3.safetensors: 57.1%
comix_b3.safetensors: 57.3%
comix_b3.safetensors: 57.4%
comix_b3.safetensors: 57.5%
comix_b3.safetensors: 57.6%
comix_b3.safetensors: 57.7%
comix_b3.safetensors: 57.8%
comix_b3.safetensors: 58.0%
comix_b3.safetensors: 58.1%
comix_b3.safetensors: 58.2%
comix_b3.safetensors: 58.3%
comix_b3.safetensors: 58.4%
comix_b3.safetensors: 58.6%
comix_b3.safetensors: 58.7%
comix_b3.safetensors: 58.8%
comix_b3.safetensors: 58.9%
comix_b3.safetensors: 59.0%
comix_b3.safetensors: 59.1%
comix_b3.safetensors: 59.3%
comix_b3.safetensors: 59.4%
comix_b3.safetensors: 59.5%
comix_b3.safetensors: 59.6%
comix_b3.safetensors: 59.7%
comix_b3.safetensors: 59.9%
comix_b3.safetensors: 60.0%
comix_b3.safetensors: 60.1%
comix_b3.safetensors: 60.2%
comix_b3.safetensors: 60.3%
comix_b3.safetensors: 60.4%
comix_b3.safetensors: 60.6%
comix_b3.safetensors: 60.7%
comix_b3.safetensors: 60.8%
comix_b3.safetensors: 60.9%
comix_b3.safetensors: 61.0%
comix_b3.safetensors: 61.2%
comix_b3.safetensors: 61.3%
comix_b3.safetensors: 61.4%
comix_b3.safetensors: 61.5%
comix_b3.safetensors: 61.6%
comix_b3.safetensors: 61.7%
comix_b3.safetensors: 61.9%
comix_b3.safetensors: 62.0%
comix_b3.safetensors: 62.1%
comix_b3.safetensors: 62.2%
comix_b3.safetensors: 62.3%
comix_b3.safetensors: 62.5%
comix_b3.safetensors: 62.6%
comix_b3.safetensors: 62.7%
comix_b3.safetensors: 62.8%
comix_b3.safetensors: 62.9%
comix_b3.safetensors: 63.0%
comix_b3.safetensors: 63.2%
comix_b3.safetensors: 63.3%
comix_b3.safetensors: 63.4%
comix_b3.safetensors: 63.5%
comix_b3.safetensors: 63.6%
comix_b3.safetensors: 63.8%
comix_b3.safetensors: 63.9%
comix_b3.safetensors: 64.0%
comix_b3.safetensors: 64.1%
comix_b3.safetensors: 64.2%
comix_b3.safetensors: 64.3%
comix_b3.safetensors: 64.5%
comix_b3.safetensors: 64.6%
comix_b3.safetensors: 64.7%
comix_b3.safetensors: 64.8%
comix_b3.safetensors: 64.9%
comix_b3.safetensors: 65.1%
comix_b3.safetensors: 65.2%
comix_b3.safetensors: 65.3%
comix_b3.safetensors: 65.4%
comix_b3.safetensors: 65.5%
comix_b3.safetensors: 65.6%
comix_b3.safetensors: 65.8%
comix_b3.safetensors: 65.9%
comix_b3.safetensors: 66.0%
comix_b3.safetensors: 66.1%
comix_b3.safetensors: 66.2%
comix_b3.safetensors: 66.3%
comix_b3.safetensors: 66.5%
comix_b3.safetensors: 66.6%
comix_b3.safetensors: 66.7%
comix_b3.safetensors: 66.8%
comix_b3.safetensors: 66.9%
comix_b3.safetensors: 67.1%
comix_b3.safetensors: 67.2%
comix_b3.safetensors: 67.3%
comix_b3.safetensors: 67.4%
comix_b3.safetensors: 67.5%
comix_b3.safetensors: 67.6%
comix_b3.safetensors: 67.8%
comix_b3.safetensors: 67.9%
comix_b3.safetensors: 68.0%
comix_b3.safetensors: 68.1%
comix_b3.safetensors: 68.2%
comix_b3.safetensors: 68.4%
comix_b3.safetensors: 68.5%
comix_b3.safetensors: 68.6%
comix_b3.safetensors: 68.7%
comix_b3.safetensors: 68.8%
comix_b3.safetensors: 68.9%
comix_b3.safetensors: 69.1%
comix_b3.safetensors: 69.2%
comix_b3.safetensors: 69.3%
comix_b3.safetensors: 69.4%
comix_b3.safetensors: 69.5%
comix_b3.safetensors: 69.7%
comix_b3.safetensors: 69.8%
comix_b3.safetensors: 69.9%
comix_b3.safetensors: 70.0%
comix_b3.safetensors: 70.1%
comix_b3.safetensors: 70.2%
comix_b3.safetensors: 70.4%
comix_b3.safetensors: 70.5%
comix_b3.safetensors: 70.6%
comix_b3.safetensors: 70.7%
comix_b3.safetensors: 70.8%
comix_b3.safetensors: 71.0%
comix_b3.safetensors: 71.1%
comix_b3.safetensors: 71.2%
comix_b3.safetensors: 71.3%
comix_b3.safetensors: 71.4%
comix_b3.safetensors: 71.5%
comix_b3.safetensors: 71.7%
comix_b3.safetensors: 71.8%
comix_b3.safetensors: 71.9%
comix_b3.safetensors: 72.0%
comix_b3.safetensors: 72.1%
comix_b3.safetensors: 72.3%
comix_b3.safetensors: 72.4%
comix_b3.safetensors: 72.5%
comix_b3.safetensors: 72.6%
comix_b3.safetensors: 72.7%
comix_b3.safetensors: 72.8%
comix_b3.safetensors: 73.0%
comix_b3.safetensors: 73.1%
comix_b3.safetensors: 73.2%
comix_b3.safetensors: 73.3%
comix_b3.safetensors: 73.4%
comix_b3.safetensors: 73.6%
comix_b3.safetensors: 73.7%
comix_b3.safetensors: 73.8%
comix_b3.safetensors: 73.9%
comix_b3.safetensors: 74.0%
comix_b3.safetensors: 74.1%
comix_b3.safetensors: 74.3%
comix_b3.safetensors: 74.4%
comix_b3.safetensors: 74.5%
comix_b3.safetensors: 74.6%
comix_b3.safetensors: 74.7%
comix_b3.safetensors: 74.9%
comix_b3.safetensors: 75.0%
comix_b3.safetensors: 75.1%
comix_b3.safetensors: 75.2%
comix_b3.safetensors: 75.3%
comix_b3.safetensors: 75.4%
comix_b3.safetensors: 75.6%
comix_b3.safetensors: 75.7%
comix_b3.safetensors: 75.8%
comix_b3.safetensors: 75.9%
comix_b3.safetensors: 76.0%
comix_b3.safetensors: 76.1%
comix_b3.safetensors: 76.3%
comix_b3.safetensors: 76.4%
comix_b3.safetensors: 76.5%
comix_b3.safetensors: 76.6%
comix_b3.safetensors: 76.7%
comix_b3.safetensors: 76.9%
comix_b3.safetensors: 77.0%
comix_b3.safetensors: 77.1%
comix_b3.safetensors: 77.2%
comix_b3.safetensors: 77.3%
comix_b3.safetensors: 77.4%
comix_b3.safetensors: 77.6%
comix_b3.safetensors: 77.7%
comix_b3.safetensors: 77.8%
comix_b3.safetensors: 77.9%
comix_b3.safetensors: 78.0%
comix_b3.safetensors: 78.2%
comix_b3.safetensors: 78.3%
comix_b3.safetensors: 78.4%
comix_b3.safetensors: 78.5%
comix_b3.safetensors: 78.6%
comix_b3.safetensors: 78.7%
comix_b3.safetensors: 78.9%
comix_b3.safetensors: 79.0%
comix_b3.safetensors: 79.1%
comix_b3.safetensors: 79.2%
comix_b3.safetensors: 79.3%
comix_b3.safetensors: 79.5%
comix_b3.safetensors: 79.6%
comix_b3.safetensors: 79.7%
comix_b3.safetensors: 79.8%
comix_b3.safetensors: 79.9%
comix_b3.safetensors: 80.0%
comix_b3.safetensors: 80.2%
comix_b3.safetensors: 80.3%
comix_b3.safetensors: 80.4%
comix_b3.safetensors: 80.5%
comix_b3.safetensors: 80.6%
comix_b3.safetensors: 80.8%
comix_b3.safetensors: 80.9%
comix_b3.safetensors: 81.0%
comix_b3.safetensors: 81.1%
comix_b3.safetensors: 81.2%
comix_b3.safetensors: 81.3%
comix_b3.safetensors: 81.5%
comix_b3.safetensors: 81.6%
comix_b3.safetensors: 81.7%
comix_b3.safetensors: 81.8%
comix_b3.safetensors: 81.9%
comix_b3.safetensors: 82.1%
comix_b3.safetensors: 82.2%
comix_b3.safetensors: 82.3%
comix_b3.safetensors: 82.4%
comix_b3.safetensors: 82.5%
comix_b3.safetensors: 82.6%
comix_b3.safetensors: 82.8%
comix_b3.safetensors: 82.9%
comix_b3.safetensors: 83.0%
comix_b3.safetensors: 83.1%
comix_b3.safetensors: 83.2%
comix_b3.safetensors: 83.4%
comix_b3.safetensors: 83.5%
comix_b3.safetensors: 83.6%
comix_b3.safetensors: 83.7%
comix_b3.safetensors: 83.8%
comix_b3.safetensors: 83.9%
comix_b3.safetensors: 84.1%
comix_b3.safetensors: 84.2%
comix_b3.safetensors: 84.3%
comix_b3.safetensors: 84.4%
comix_b3.safetensors: 84.5%
comix_b3.safetensors: 84.6%
comix_b3.safetensors: 84.8%
comix_b3.safetensors: 84.9%
comix_b3.safetensors: 85.0%
comix_b3.safetensors: 85.1%
comix_b3.safetensors: 85.2%
comix_b3.safetensors: 85.4%
comix_b3.safetensors: 85.5%
comix_b3.safetensors: 85.6%
comix_b3.safetensors: 85.7%
comix_b3.safetensors: 85.8%
comix_b3.safetensors: 85.9%
comix_b3.safetensors: 86.1%
comix_b3.safetensors: 86.2%
comix_b3.safetensors: 86.3%
comix_b3.safetensors: 86.4%
comix_b3.safetensors: 86.5%
comix_b3.safetensors: 86.7%
comix_b3.safetensors: 86.8%
comix_b3.safetensors: 86.9%
comix_b3.safetensors: 87.0%
comix_b3.safetensors: 87.1%
comix_b3.safetensors: 87.2%
comix_b3.safetensors: 87.4%
comix_b3.safetensors: 87.5%
comix_b3.safetensors: 87.6%
comix_b3.safetensors: 87.7%
comix_b3.safetensors: 87.8%
comix_b3.safetensors: 88.0%
comix_b3.safetensors: 88.1%
comix_b3.safetensors: 88.2%
comix_b3.safetensors: 88.3%
comix_b3.safetensors: 88.4%
comix_b3.safetensors: 88.5%
comix_b3.safetensors: 88.7%
comix_b3.safetensors: 88.8%
comix_b3.safetensors: 88.9%
comix_b3.safetensors: 89.0%
comix_b3.safetensors: 89.1%
comix_b3.safetensors: 89.3%
comix_b3.safetensors: 89.4%
comix_b3.safetensors: 89.5%
comix_b3.safetensors: 89.6%
comix_b3.safetensors: 89.7%
comix_b3.safetensors: 89.8%
comix_b3.safetensors: 90.0%
comix_b3.safetensors: 90.1%
comix_b3.safetensors: 90.2%
comix_b3.safetensors: 90.3%
comix_b3.safetensors: 90.4%
comix_b3.safetensors: 90.6%
comix_b3.safetensors: 90.7%
comix_b3.safetensors: 90.8%
comix_b3.safetensors: 90.9%
comix_b3.safetensors: 91.0%
comix_b3.safetensors: 91.1%
comix_b3.safetensors: 91.3%
comix_b3.safetensors: 91.4%
comix_b3.safetensors: 91.5%
comix_b3.safetensors: 91.6%
comix_b3.safetensors: 91.7%
comix_b3.safetensors: 91.9%
comix_b3.safetensors: 92.0%
comix_b3.safetensors: 92.1%
comix_b3.safetensors: 92.2%
comix_b3.safetensors: 92.3%
comix_b3.safetensors: 92.4%
comix_b3.safetensors: 92.6%
comix_b3.safetensors: 92.7%
comix_b3.safetensors: 92.8%
comix_b3.safetensors: 92.9%
comix_b3.safetensors: 93.0%
comix_b3.safetensors: 93.1%
comix_b3.safetensors: 93.3%
comix_b3.safetensors: 93.4%
comix_b3.safetensors: 93.5%
comix_b3.safetensors: 93.6%
comix_b3.safetensors: 93.7%
comix_b3.safetensors: 93.9%
comix_b3.safetensors: 94.0%
comix_b3.safetensors: 94.1%
comix_b3.safetensors: 94.2%
comix_b3.safetensors: 94.3%
comix_b3.safetensors: 94.4%
comix_b3.safetensors: 94.6%
comix_b3.safetensors: 94.7%
comix_b3.safetensors: 94.8%
comix_b3.safetensors: 94.9%
comix_b3.safetensors: 95.0%
comix_b3.safetensors: 95.2%
comix_b3.safetensors: 95.3%
comix_b3.safetensors: 95.4%
comix_b3.safetensors: 95.5%
comix_b3.safetensors: 95.6%
comix_b3.safetensors: 95.7%
comix_b3.safetensors: 95.9%
comix_b3.safetensors: 96.0%
comix_b3.safetensors: 96.1%
comix_b3.safetensors: 96.2%
comix_b3.safetensors: 96.3%
comix_b3.safetensors: 96.5%
comix_b3.safetensors: 96.6%
comix_b3.safetensors: 96.7%
comix_b3.safetensors: 96.8%
comix_b3.safetensors: 96.9%
comix_b3.safetensors: 97.0%
comix_b3.safetensors: 97.2%
comix_b3.safetensors: 97.3%
comix_b3.safetensors: 97.4%
comix_b3.safetensors: 97.5%
comix_b3.safetensors: 97.6%
comix_b3.safetensors: 97.8%
comix_b3.safetensors: 97.9%
comix_b3.safetensors: 98.0%
comix_b3.safetensors: 98.1%
comix_b3.safetensors: 98.2%
comix_b3.safetensors: 98.3%
comix_b3.safetensors: 98.5%
comix_b3.safetensors: 98.6%
comix_b3.safetensors: 98.7%
comix_b3.safetensors: 98.8%
comix_b3.safetensors: 98.9%
comix_b3.safetensors: 99.1%
comix_b3.safetensors: 99.2%
comix_b3.safetensors: 99.3%
comix_b3.safetensors: 99.4%
comix_b3.safetensors: 99.5%
comix_b3.safetensors: 99.6%
comix_b3.safetensors: 99.8%
comix_b3.safetensors: 99.9%
comix_b3.safetensors: 100.0%
comix_b3.safetensors: 100.0%
downloaded and verified: comix_b3.safetensors
verified existing: S1_Dramatic Lighting Anima_V2.safetensors
verified existing: waiIllustriousSDXL_v170.safetensors
